
#HOW WE CAN PUCH OUR PROJECT FROM LOCAL SYSTEM TO GITHUB

1)mkdirectory 
PS C:\Users\ASUS\Desktop\git> mkdir github


    Directory: C:\Users\ASUS\Desktop\git


Mode                 LastWriteTime         Length Name
----                 -------------         ------ ----
d-----        24-05-2024     20:32                github

2)go current dir
PS C:\Users\ASUS\Desktop\git> cd github

3)Add two file in vs code chake status
PS C:\Users\ASUS\Desktop\git\github> git status
On branch master

No commits yet

Untracked files:
  (use "git add <file>..." to include in what will be committed)
        index.html
        style.css

nothing added to commit but untracked files present (use "git add" to track)

4)change untract file into commited
PS C:\Users\ASUS\Desktop\git\github> git add .
PS C:\Users\ASUS\Desktop\git\github> git status
On branch master

No commits yet

Changes to be committed:
  (use "git rm --cached <file>..." to unstage)
        new file:   index.html
        new file:   style.css

5)commite file
PS C:\Users\ASUS\Desktop\git\github> git commit -m"add fiels"
[master (root-commit) c40b6a8] add fiels
 2 files changed, 15 insertions(+)
 create mode 100644 index.html
 create mode 100644 style.css
PS C:\Users\ASUS\Desktop\git\github> git status
On branch master
nothing to commit, working tree clean

6)go github create new repo and pest link using following command.
PS C:\Users\ASUS\Desktop\git\github> git remote add origin https://github.com/Adityakhupase/ayk.git

7)verify both the repo.
PS C:\Users\ASUS\Desktop\git\github> git remote -v                                                 
origin  https://github.com/Adityakhupase/ayk.git (fetch)
origin  https://github.com/Adityakhupase/ayk.git (push)

8)chake current branch.
PS C:\Users\ASUS\Desktop\git\github> git branch        
* master

9)go on main branch.
PS C:\Users\ASUS\Desktop\git\github> git branch -M main
PS C:\Users\ASUS\Desktop\git\github> git push -u origin main
Enumerating objects: 4, done.
Counting objects: 100% (4/4), done.
Delta compression using up to 12 threads
Compressing objects: 100% (3/3), done.
Writing objects: 100% (4/4), 451 bytes | 451.00 KiB/s, done.
Total 4 (delta 0), reused 0 (delta 0), pack-reused 0 (from 0)
To https://github.com/Adityakhupase/ayk.git
 * [new branch]      main -> main
branch 'main' set up to track 'origin/main'.